BL51 BANKED LINKER/LOCATER V6.22.4.0                                                    08/08/2025  14:32:20  PAGE 1


BL51 BANKED LINKER/LOCATER V6.22.4.0, INVOKED BY:
C:\KEIL_V5\C51\BIN\BL51.EXE .\Objects\Group16c add.obj TO .\Objects\Group16c add PRINT (.\Listings\Group16c add.m51) RAM
>> SIZE (256)


INPUT MODULES INCLUDED:
  .\Objects\Group16c add.obj (GROUP16C_ADD)


LINK MAP OF MODULE:  .\Objects\Group16c add (GROUP16C_ADD)


            TYPE    BASE      LENGTH    RELOCATION   SEGMENT NAME
            -----------------------------------------------------

            * * * * * * *   D A T A   M E M O R Y   * * * * * * *
            REG     0000H     0008H     ABSOLUTE     "REG BANK 0"

            * * * * * * *   C O D E   M E M O R Y   * * * * * * *
            CODE    0000H     0008H     ABSOLUTE     



SYMBOL TABLE OF MODULE:  .\Objects\Group16c add (GROUP16C_ADD)

  VALUE           TYPE          NAME
  ----------------------------------

  -------         MODULE        GROUP16C_ADD
  C:0006H         SYMBOL        HERE
  D:0090H         SYMBOL        P1
  C:0000H         SYMBOL        START
  C:0000H         LINE#         5
  C:0002H         LINE#         6
  C:0004H         LINE#         8
  C:0006H         LINE#         10
  -------         ENDMOD        GROUP16C_ADD

******************************************************************************
* RESTRICTED VERSION WITH 0800H BYTE CODE SIZE LIMIT; USED: 0008H BYTE ( 0%) *
******************************************************************************

Program Size: data=8.0 xdata=0 code=8
LINK/LOCATE RUN COMPLETE.  0 WARNING(S),  0 ERROR(S)
