BL51 BANKED LINKER/LOCATER V6.22.4.0                                                    08/19/2025  16:06:08  PAGE 1


BL51 BANKED LINKER/LOCATER V6.22.4.0, INVOKED BY:
C:\KEIL_V5\C51\BIN\BL51.EXE .\Objects\NOR.obj TO .\Objects\nor PRINT (.\Listings\nor.m51) RAMSIZE (256)


INPUT MODULES INCLUDED:
  .\Objects\NOR.obj (NOR)


LINK MAP OF MODULE:  .\Objects\nor (NOR)


            TYPE    BASE      LENGTH    RELOCATION   SEGMENT NAME
            -----------------------------------------------------

            * * * * * * *   D A T A   M E M O R Y   * * * * * * *
            REG     0000H     0008H     ABSOLUTE     "REG BANK 0"

            * * * * * * *   C O D E   M E M O R Y   * * * * * * *
            CODE    0000H     000DH     ABSOLUTE     



SYMBOL TABLE OF MODULE:  .\Objects\nor (NOR)

  VALUE           TYPE          NAME
  ----------------------------------

  -------         MODULE        NOR
  C:0004H         SYMBOL        LOOP
  C:0000H         SYMBOL        MAIN
  D:0090H         SYMBOL        P1
  C:0000H         LINE#         2
  C:0002H         LINE#         3
  C:0004H         LINE#         4
  C:0006H         LINE#         5
  C:0008H         LINE#         7
  C:0009H         LINE#         9
  C:000BH         LINE#         11
  -------         ENDMOD        NOR

******************************************************************************
* RESTRICTED VERSION WITH 0800H BYTE CODE SIZE LIMIT; USED: 000DH BYTE ( 0%) *
******************************************************************************

Program Size: data=8.0 xdata=0 code=13
LINK/LOCATE RUN COMPLETE.  0 WARNING(S),  0 ERROR(S)
