BL51 BANKED LINKER/LOCATER V6.22.4.0                                                    08/14/2025  14:52:18  PAGE 1


BL51 BANKED LINKER/LOCATER V6.22.4.0, INVOKED BY:
C:\KEIL_V5\C51\BIN\BL51.EXE .\Objects\TRAFFIC1.obj TO .\Objects\TRAFFC1 PRINT (.\Listings\TRAFFC1.m51) RAMSIZE (256)


INPUT MODULES INCLUDED:
  .\Objects\TRAFFIC1.obj (TRAFFIC1)


LINK MAP OF MODULE:  .\Objects\TRAFFC1 (TRAFFIC1)


            TYPE    BASE      LENGTH    RELOCATION   SEGMENT NAME
            -----------------------------------------------------

            * * * * * * *   D A T A   M E M O R Y   * * * * * * *
            REG     0000H     0008H     ABSOLUTE     "REG BANK 0"

            * * * * * * *   C O D E   M E M O R Y   * * * * * * *
            CODE    0000H     003AH     ABSOLUTE     



SYMBOL TABLE OF MODULE:  .\Objects\TRAFFC1 (TRAFFIC1)

  VALUE           TYPE          NAME
  ----------------------------------

  -------         MODULE        TRAFFIC1
  C:0021H         SYMBOL        D1
  C:0023H         SYMBOL        D2
  C:0025H         SYMBOL        D3
  C:0033H         SYMBOL        DELAY10S
  C:001FH         SYMBOL        DELAY1S
  C:002CH         SYMBOL        DELAY3S
  C:0035H         SYMBOL        DL10
  C:002EH         SYMBOL        DL3
  C:0005H         SYMBOL        MAIN_LOOP
  D:0090H         SYMBOL        P1
  C:0002H         SYMBOL        START
  C:0000H         LINE#         9
  C:0002H         LINE#         15
  C:0005H         LINE#         20
  C:0007H         LINE#         21
  C:0009H         LINE#         22
  C:000BH         LINE#         23
  C:000DH         LINE#         26
  C:000FH         LINE#         27
  C:0011H         LINE#         28
  C:0013H         LINE#         29
  C:0015H         LINE#         32
  C:0017H         LINE#         33
  C:0019H         LINE#         34
  C:001BH         LINE#         35
  C:001DH         LINE#         37
  C:001FH         LINE#         45
  C:0021H         LINE#         46
  C:0023H         LINE#         47
  C:0025H         LINE#         48
BL51 BANKED LINKER/LOCATER V6.22.4.0                                                  08/14/2025  14:52:18  PAGE 2


  C:0027H         LINE#         49
  C:0029H         LINE#         50
  C:002BH         LINE#         51
  C:002CH         LINE#         55
  C:002EH         LINE#         56
  C:0030H         LINE#         57
  C:0032H         LINE#         58
  C:0033H         LINE#         62
  C:0035H         LINE#         63
  C:0037H         LINE#         64
  C:0039H         LINE#         65
  -------         ENDMOD        TRAFFIC1

******************************************************************************
* RESTRICTED VERSION WITH 0800H BYTE CODE SIZE LIMIT; USED: 003AH BYTE ( 2%) *
******************************************************************************

Program Size: data=8.0 xdata=0 code=58
LINK/LOCATE RUN COMPLETE.  0 WARNING(S),  0 ERROR(S)
